// Jest Snapshot v1, https://goo.gl/fbAQLP

exports[`parseData stringifyData should stringify data 1`] = `
"{
  "users": {
    "dataType": "Map",
    "value": [
      [
        100001,
        {
          "name": "Bob",
          "email": "bob@aol.com"
        }
      ],
      [
        100002,
        {
          "name": "Alice",
          "email": "alice@aol.com"
        }
      ]
    ]
  }
}"
`;
